// Jest Snapshot v1, https://goo.gl/fbAQLP

exports[`<SearchInputComponent /> should match snapshot 1`] = `
<input
  class="search"
  placeholder="Type your search"
  type="search"
  value=""
/>
`;
