// Jest Snapshot v1, https://goo.gl/fbAQLP

exports[`<ButtonLoadMorePageComponent /> should match snapshot 1`] = `
<button
  class="buttonMore"
>
  Load more
</button>
`;
